// Jest Snapshot v1, https://goo.gl/fbAQLP

exports[`helloworld 1`] = `
Object {
  "asFragment": [Function],
  "baseElement": <body>
    <div>
      <ul
        class=""
        data-baseweb="accordion"
      >
        <li
          class=""
        >
          <div
            aria-expanded="false"
            class=""
            role="button"
            tabindex="0"
          >
            Panel 1
            <svg
              class=""
              size="16"
              title="Expand"
              viewBox="0 0 24 24"
            >
              <g
                class=""
              >
                <path
                  clip-rule="evenodd"
                  d="M6 12C6 11.4477 6.44772 11 7 11H17C17.5523 11 18 11.4477 18 12C18 12.5523 17.5523 13 17 13H7C6.44772 13 6 12.5523 6 12Z"
                  fill-rule="evenodd"
                />
              </g>
              <path
                clip-rule="evenodd"
                d="M6 12C6 11.4477 6.44772 11 7 11H17C17.5523 11 18 11.4477 18 12C18 12.5523 17.5523 13 17 13H7C6.44772 13 6 12.5523 6 12Z"
                fill-rule="evenodd"
              />
            </svg>
          </div>
          <div
            class=""
          >
            <div
              class=""
            />
          </div>
        </li>
        <li
          class=""
        >
          <div
            aria-expanded="false"
            class=""
            role="button"
            tabindex="0"
          >
            Panel 2
            <svg
              class=""
              size="16"
              title="Expand"
              viewBox="0 0 24 24"
            >
              <g
                class=""
              >
                <path
                  clip-rule="evenodd"
                  d="M6 12C6 11.4477 6.44772 11 7 11H17C17.5523 11 18 11.4477 18 12C18 12.5523 17.5523 13 17 13H7C6.44772 13 6 12.5523 6 12Z"
                  fill-rule="evenodd"
                />
              </g>
              <path
                clip-rule="evenodd"
                d="M6 12C6 11.4477 6.44772 11 7 11H17C17.5523 11 18 11.4477 18 12C18 12.5523 17.5523 13 17 13H7C6.44772 13 6 12.5523 6 12Z"
                fill-rule="evenodd"
              />
            </svg>
          </div>
          <div
            class=""
          >
            <div
              class=""
            />
          </div>
        </li>
        <li
          class=""
        >
          <div
            aria-expanded="false"
            class=""
            role="button"
            tabindex="0"
          >
            Panel 3
            <svg
              class=""
              size="16"
              title="Expand"
              viewBox="0 0 24 24"
            >
              <g
                class=""
              >
                <path
                  clip-rule="evenodd"
                  d="M6 12C6 11.4477 6.44772 11 7 11H17C17.5523 11 18 11.4477 18 12C18 12.5523 17.5523 13 17 13H7C6.44772 13 6 12.5523 6 12Z"
                  fill-rule="evenodd"
                />
              </g>
              <path
                clip-rule="evenodd"
                d="M6 12C6 11.4477 6.44772 11 7 11H17C17.5523 11 18 11.4477 18 12C18 12.5523 17.5523 13 17 13H7C6.44772 13 6 12.5523 6 12Z"
                fill-rule="evenodd"
              />
            </svg>
          </div>
          <div
            class=""
          >
            <div
              class=""
            />
          </div>
        </li>
      </ul>
    </div>
  </body>,
  "container": <div>
    <ul
      class=""
      data-baseweb="accordion"
    >
      <li
        class=""
      >
        <div
          aria-expanded="false"
          class=""
          role="button"
          tabindex="0"
        >
          Panel 1
          <svg
            class=""
            size="16"
            title="Expand"
            viewBox="0 0 24 24"
          >
            <g
              class=""
            >
              <path
                clip-rule="evenodd"
                d="M6 12C6 11.4477 6.44772 11 7 11H17C17.5523 11 18 11.4477 18 12C18 12.5523 17.5523 13 17 13H7C6.44772 13 6 12.5523 6 12Z"
                fill-rule="evenodd"
              />
            </g>
            <path
              clip-rule="evenodd"
              d="M6 12C6 11.4477 6.44772 11 7 11H17C17.5523 11 18 11.4477 18 12C18 12.5523 17.5523 13 17 13H7C6.44772 13 6 12.5523 6 12Z"
              fill-rule="evenodd"
            />
          </svg>
        </div>
        <div
          class=""
        >
          <div
            class=""
          />
        </div>
      </li>
      <li
        class=""
      >
        <div
          aria-expanded="false"
          class=""
          role="button"
          tabindex="0"
        >
          Panel 2
          <svg
            class=""
            size="16"
            title="Expand"
            viewBox="0 0 24 24"
          >
            <g
              class=""
            >
              <path
                clip-rule="evenodd"
                d="M6 12C6 11.4477 6.44772 11 7 11H17C17.5523 11 18 11.4477 18 12C18 12.5523 17.5523 13 17 13H7C6.44772 13 6 12.5523 6 12Z"
                fill-rule="evenodd"
              />
            </g>
            <path
              clip-rule="evenodd"
              d="M6 12C6 11.4477 6.44772 11 7 11H17C17.5523 11 18 11.4477 18 12C18 12.5523 17.5523 13 17 13H7C6.44772 13 6 12.5523 6 12Z"
              fill-rule="evenodd"
            />
          </svg>
        </div>
        <div
          class=""
        >
          <div
            class=""
          />
        </div>
      </li>
      <li
        class=""
      >
        <div
          aria-expanded="false"
          class=""
          role="button"
          tabindex="0"
        >
          Panel 3
          <svg
            class=""
            size="16"
            title="Expand"
            viewBox="0 0 24 24"
          >
            <g
              class=""
            >
              <path
                clip-rule="evenodd"
                d="M6 12C6 11.4477 6.44772 11 7 11H17C17.5523 11 18 11.4477 18 12C18 12.5523 17.5523 13 17 13H7C6.44772 13 6 12.5523 6 12Z"
                fill-rule="evenodd"
              />
            </g>
            <path
              clip-rule="evenodd"
              d="M6 12C6 11.4477 6.44772 11 7 11H17C17.5523 11 18 11.4477 18 12C18 12.5523 17.5523 13 17 13H7C6.44772 13 6 12.5523 6 12Z"
              fill-rule="evenodd"
            />
          </svg>
        </div>
        <div
          class=""
        >
          <div
            class=""
          />
        </div>
      </li>
    </ul>
  </div>,
  "debug": [Function],
  "findAllByAltText": [Function],
  "findAllByDisplayValue": [Function],
  "findAllByLabelText": [Function],
  "findAllByPlaceholderText": [Function],
  "findAllByRole": [Function],
  "findAllByTestId": [Function],
  "findAllByText": [Function],
  "findAllByTitle": [Function],
  "findByAltText": [Function],
  "findByDisplayValue": [Function],
  "findByLabelText": [Function],
  "findByPlaceholderText": [Function],
  "findByRole": [Function],
  "findByTestId": [Function],
  "findByText": [Function],
  "findByTitle": [Function],
  "getAllByAltText": [Function],
  "getAllByDisplayValue": [Function],
  "getAllByLabelText": [Function],
  "getAllByPlaceholderText": [Function],
  "getAllByRole": [Function],
  "getAllByTestId": [Function],
  "getAllByText": [Function],
  "getAllByTitle": [Function],
  "getByAltText": [Function],
  "getByDisplayValue": [Function],
  "getByLabelText": [Function],
  "getByPlaceholderText": [Function],
  "getByRole": [Function],
  "getByTestId": [Function],
  "getByText": [Function],
  "getByTitle": [Function],
  "queryAllByAltText": [Function],
  "queryAllByDisplayValue": [Function],
  "queryAllByLabelText": [Function],
  "queryAllByPlaceholderText": [Function],
  "queryAllByRole": [Function],
  "queryAllByTestId": [Function],
  "queryAllByText": [Function],
  "queryAllByTitle": [Function],
  "queryByAltText": [Function],
  "queryByDisplayValue": [Function],
  "queryByLabelText": [Function],
  "queryByPlaceholderText": [Function],
  "queryByRole": [Function],
  "queryByTestId": [Function],
  "queryByText": [Function],
  "queryByTitle": [Function],
  "rerender": [Function],
  "unmount": [Function],
}
`;

exports[`src/components/CONTENT/Accordion helloworld 1`] = `
Object {
  "asFragment": [Function],
  "baseElement": <body>
    <div>
      <ul
        class=""
        data-baseweb="accordion"
      >
        <li
          class=""
        >
          <div
            aria-expanded="false"
            class=""
            role="button"
            tabindex="0"
          >
            Panel 1
            <svg
              class=""
              size="16"
              title="Expand"
              viewBox="0 0 24 24"
            >
              <g
                class=""
              >
                <path
                  clip-rule="evenodd"
                  d="M6 12C6 11.4477 6.44772 11 7 11H17C17.5523 11 18 11.4477 18 12C18 12.5523 17.5523 13 17 13H7C6.44772 13 6 12.5523 6 12Z"
                  fill-rule="evenodd"
                />
              </g>
              <path
                clip-rule="evenodd"
                d="M6 12C6 11.4477 6.44772 11 7 11H17C17.5523 11 18 11.4477 18 12C18 12.5523 17.5523 13 17 13H7C6.44772 13 6 12.5523 6 12Z"
                fill-rule="evenodd"
              />
            </svg>
          </div>
          <div
            class=""
          >
            <div
              class=""
            />
          </div>
        </li>
        <li
          class=""
        >
          <div
            aria-expanded="false"
            class=""
            role="button"
            tabindex="0"
          >
            Panel 2
            <svg
              class=""
              size="16"
              title="Expand"
              viewBox="0 0 24 24"
            >
              <g
                class=""
              >
                <path
                  clip-rule="evenodd"
                  d="M6 12C6 11.4477 6.44772 11 7 11H17C17.5523 11 18 11.4477 18 12C18 12.5523 17.5523 13 17 13H7C6.44772 13 6 12.5523 6 12Z"
                  fill-rule="evenodd"
                />
              </g>
              <path
                clip-rule="evenodd"
                d="M6 12C6 11.4477 6.44772 11 7 11H17C17.5523 11 18 11.4477 18 12C18 12.5523 17.5523 13 17 13H7C6.44772 13 6 12.5523 6 12Z"
                fill-rule="evenodd"
              />
            </svg>
          </div>
          <div
            class=""
          >
            <div
              class=""
            />
          </div>
        </li>
        <li
          class=""
        >
          <div
            aria-expanded="false"
            class=""
            role="button"
            tabindex="0"
          >
            Panel 3
            <svg
              class=""
              size="16"
              title="Expand"
              viewBox="0 0 24 24"
            >
              <g
                class=""
              >
                <path
                  clip-rule="evenodd"
                  d="M6 12C6 11.4477 6.44772 11 7 11H17C17.5523 11 18 11.4477 18 12C18 12.5523 17.5523 13 17 13H7C6.44772 13 6 12.5523 6 12Z"
                  fill-rule="evenodd"
                />
              </g>
              <path
                clip-rule="evenodd"
                d="M6 12C6 11.4477 6.44772 11 7 11H17C17.5523 11 18 11.4477 18 12C18 12.5523 17.5523 13 17 13H7C6.44772 13 6 12.5523 6 12Z"
                fill-rule="evenodd"
              />
            </svg>
          </div>
          <div
            class=""
          >
            <div
              class=""
            />
          </div>
        </li>
      </ul>
    </div>
  </body>,
  "container": <div>
    <ul
      class=""
      data-baseweb="accordion"
    >
      <li
        class=""
      >
        <div
          aria-expanded="false"
          class=""
          role="button"
          tabindex="0"
        >
          Panel 1
          <svg
            class=""
            size="16"
            title="Expand"
            viewBox="0 0 24 24"
          >
            <g
              class=""
            >
              <path
                clip-rule="evenodd"
                d="M6 12C6 11.4477 6.44772 11 7 11H17C17.5523 11 18 11.4477 18 12C18 12.5523 17.5523 13 17 13H7C6.44772 13 6 12.5523 6 12Z"
                fill-rule="evenodd"
              />
            </g>
            <path
              clip-rule="evenodd"
              d="M6 12C6 11.4477 6.44772 11 7 11H17C17.5523 11 18 11.4477 18 12C18 12.5523 17.5523 13 17 13H7C6.44772 13 6 12.5523 6 12Z"
              fill-rule="evenodd"
            />
          </svg>
        </div>
        <div
          class=""
        >
          <div
            class=""
          />
        </div>
      </li>
      <li
        class=""
      >
        <div
          aria-expanded="false"
          class=""
          role="button"
          tabindex="0"
        >
          Panel 2
          <svg
            class=""
            size="16"
            title="Expand"
            viewBox="0 0 24 24"
          >
            <g
              class=""
            >
              <path
                clip-rule="evenodd"
                d="M6 12C6 11.4477 6.44772 11 7 11H17C17.5523 11 18 11.4477 18 12C18 12.5523 17.5523 13 17 13H7C6.44772 13 6 12.5523 6 12Z"
                fill-rule="evenodd"
              />
            </g>
            <path
              clip-rule="evenodd"
              d="M6 12C6 11.4477 6.44772 11 7 11H17C17.5523 11 18 11.4477 18 12C18 12.5523 17.5523 13 17 13H7C6.44772 13 6 12.5523 6 12Z"
              fill-rule="evenodd"
            />
          </svg>
        </div>
        <div
          class=""
        >
          <div
            class=""
          />
        </div>
      </li>
      <li
        class=""
      >
        <div
          aria-expanded="false"
          class=""
          role="button"
          tabindex="0"
        >
          Panel 3
          <svg
            class=""
            size="16"
            title="Expand"
            viewBox="0 0 24 24"
          >
            <g
              class=""
            >
              <path
                clip-rule="evenodd"
                d="M6 12C6 11.4477 6.44772 11 7 11H17C17.5523 11 18 11.4477 18 12C18 12.5523 17.5523 13 17 13H7C6.44772 13 6 12.5523 6 12Z"
                fill-rule="evenodd"
              />
            </g>
            <path
              clip-rule="evenodd"
              d="M6 12C6 11.4477 6.44772 11 7 11H17C17.5523 11 18 11.4477 18 12C18 12.5523 17.5523 13 17 13H7C6.44772 13 6 12.5523 6 12Z"
              fill-rule="evenodd"
            />
          </svg>
        </div>
        <div
          class=""
        >
          <div
            class=""
          />
        </div>
      </li>
    </ul>
  </div>,
  "debug": [Function],
  "findAllByAltText": [Function],
  "findAllByDisplayValue": [Function],
  "findAllByLabelText": [Function],
  "findAllByPlaceholderText": [Function],
  "findAllByRole": [Function],
  "findAllByTestId": [Function],
  "findAllByText": [Function],
  "findAllByTitle": [Function],
  "findByAltText": [Function],
  "findByDisplayValue": [Function],
  "findByLabelText": [Function],
  "findByPlaceholderText": [Function],
  "findByRole": [Function],
  "findByTestId": [Function],
  "findByText": [Function],
  "findByTitle": [Function],
  "getAllByAltText": [Function],
  "getAllByDisplayValue": [Function],
  "getAllByLabelText": [Function],
  "getAllByPlaceholderText": [Function],
  "getAllByRole": [Function],
  "getAllByTestId": [Function],
  "getAllByText": [Function],
  "getAllByTitle": [Function],
  "getByAltText": [Function],
  "getByDisplayValue": [Function],
  "getByLabelText": [Function],
  "getByPlaceholderText": [Function],
  "getByRole": [Function],
  "getByTestId": [Function],
  "getByText": [Function],
  "getByTitle": [Function],
  "queryAllByAltText": [Function],
  "queryAllByDisplayValue": [Function],
  "queryAllByLabelText": [Function],
  "queryAllByPlaceholderText": [Function],
  "queryAllByRole": [Function],
  "queryAllByTestId": [Function],
  "queryAllByText": [Function],
  "queryAllByTitle": [Function],
  "queryByAltText": [Function],
  "queryByDisplayValue": [Function],
  "queryByLabelText": [Function],
  "queryByPlaceholderText": [Function],
  "queryByRole": [Function],
  "queryByTestId": [Function],
  "queryByText": [Function],
  "queryByTitle": [Function],
  "rerender": [Function],
  "unmount": [Function],
}
`;
