// Jest Snapshot v1, https://goo.gl/fbAQLP

exports[`mount src/views/reports/DashboardView/Budget.js helloworld 1`] = `"<div class=\\"MuiPaper-root MuiCard-root makeStyles-root-1 MuiPaper-elevation1 MuiPaper-rounded\\"><div class=\\"MuiCardContent-root\\"><div class=\\"MuiGrid-root MuiGrid-container MuiGrid-spacing-xs-3 MuiGrid-justify-xs-space-between\\"><div class=\\"MuiGrid-root MuiGrid-item\\"><h6 class=\\"MuiTypography-root MuiTypography-h6 MuiTypography-colorTextSecondary MuiTypography-gutterBottom\\">BUDGET</h6><h3 class=\\"MuiTypography-root MuiTypography-h3 MuiTypography-colorTextPrimary\\">$24,000</h3></div><div class=\\"MuiGrid-root MuiGrid-item\\"><div class=\\"MuiAvatar-root MuiAvatar-circle makeStyles-avatar-2 MuiAvatar-colorDefault\\"><svg class=\\"MuiSvgIcon-root\\" focusable=\\"false\\" viewBox=\\"0 0 24 24\\" aria-hidden=\\"true\\"><path d=\\"M5 8h2v8H5zm7 0H9c-.55 0-1 .45-1 1v6c0 .55.45 1 1 1h3c.55 0 1-.45 1-1V9c0-.55-.45-1-1-1zm-1 6h-1v-4h1v4zm7-6h-3c-.55 0-1 .45-1 1v6c0 .55.45 1 1 1h3c.55 0 1-.45 1-1V9c0-.55-.45-1-1-1zm-1 6h-1v-4h1v4z\\"></path><path d=\\"M2 4v16h20V4H2zm2 14V6h16v12H4z\\"></path></svg></div></div></div><div class=\\"MuiBox-root MuiBox-root-5\\"><svg class=\\"MuiSvgIcon-root makeStyles-differenceIcon-3\\" focusable=\\"false\\" viewBox=\\"0 0 24 24\\" aria-hidden=\\"true\\"><path d=\\"M20 12l-1.41-1.41L13 16.17V4h-2v12.17l-5.58-5.59L4 12l8 8 8-8z\\"></path></svg><p class=\\"MuiTypography-root makeStyles-differenceValue-4 MuiTypography-body2\\">12%</p><span class=\\"MuiTypography-root MuiTypography-caption MuiTypography-colorTextSecondary\\">Since last month</span></div></div></div>"`;
