// Jest Snapshot v1, https://goo.gl/fbAQLP

exports[`<DisabledOptions> helloworld <DisabledOptions /> mount helloworld should work 1`] = `[Function]`;

exports[`<DisabledOptions> helloworld <DisabledOptions /> render helloworld should work 1`] = `[Function]`;

exports[`<DisabledOptions> helloworld <DisabledOptions /> shallow helloworld should work 1`] = `[Function]`;
