// Jest Snapshot v1, https://goo.gl/fbAQLP

exports[`<TabsWrappedLabel> helloworld <TabsWrappedLabel /> mount helloworld should work 1`] = `[Function]`;

exports[`<TabsWrappedLabel> helloworld <TabsWrappedLabel /> render helloworld should work 1`] = `[Function]`;

exports[`<TabsWrappedLabel> helloworld <TabsWrappedLabel /> shallow helloworld should work 1`] = `[Function]`;
