// Jest Snapshot v1, https://goo.gl/fbAQLP

exports[`test ChangingTheSizeOfThePinInput tryout helloworld 1`] = `
Array [
  <div
    className="chakra-stack css-n21gh5"
  >
    <div
      className="chakra-stack css-84zodg"
    >
      <input
        aria-label="Please enter your pin code"
        autoComplete="off"
        className="chakra-pin-input css-kvmxzd"
        id="pin-input-1--1"
        inputMode="numeric"
        onBlur={[Function]}
        onChange={[Function]}
        onFocus={[Function]}
        onKeyDown={[Function]}
        placeholder=""
        type="tel"
        value=""
      />
      <input
        aria-label="Please enter your pin code"
        autoComplete="off"
        className="chakra-pin-input css-kvmxzd"
        id="pin-input-1--1"
        inputMode="numeric"
        onBlur={[Function]}
        onChange={[Function]}
        onFocus={[Function]}
        onKeyDown={[Function]}
        placeholder=""
        type="tel"
        value=""
      />
      <input
        aria-label="Please enter your pin code"
        autoComplete="off"
        className="chakra-pin-input css-kvmxzd"
        id="pin-input-1--1"
        inputMode="numeric"
        onBlur={[Function]}
        onChange={[Function]}
        onFocus={[Function]}
        onKeyDown={[Function]}
        placeholder=""
        type="tel"
        value=""
      />
    </div>
    <div
      className="chakra-stack css-84zodg"
    >
      <input
        aria-label="Please enter your pin code"
        autoComplete="off"
        className="chakra-pin-input css-1pqxzd4"
        id="pin-input-2--1"
        inputMode="numeric"
        onBlur={[Function]}
        onChange={[Function]}
        onFocus={[Function]}
        onKeyDown={[Function]}
        placeholder=""
        type="tel"
        value=""
      />
      <input
        aria-label="Please enter your pin code"
        autoComplete="off"
        className="chakra-pin-input css-1pqxzd4"
        id="pin-input-2--1"
        inputMode="numeric"
        onBlur={[Function]}
        onChange={[Function]}
        onFocus={[Function]}
        onKeyDown={[Function]}
        placeholder=""
        type="tel"
        value=""
      />
      <input
        aria-label="Please enter your pin code"
        autoComplete="off"
        className="chakra-pin-input css-1pqxzd4"
        id="pin-input-2--1"
        inputMode="numeric"
        onBlur={[Function]}
        onChange={[Function]}
        onFocus={[Function]}
        onKeyDown={[Function]}
        placeholder=""
        type="tel"
        value=""
      />
    </div>
    <div
      className="chakra-stack css-84zodg"
    >
      <input
        aria-label="Please enter your pin code"
        autoComplete="off"
        className="chakra-pin-input css-17u1q9k"
        id="pin-input-3--1"
        inputMode="numeric"
        onBlur={[Function]}
        onChange={[Function]}
        onFocus={[Function]}
        onKeyDown={[Function]}
        placeholder=""
        type="tel"
        value=""
      />
      <input
        aria-label="Please enter your pin code"
        autoComplete="off"
        className="chakra-pin-input css-17u1q9k"
        id="pin-input-3--1"
        inputMode="numeric"
        onBlur={[Function]}
        onChange={[Function]}
        onFocus={[Function]}
        onKeyDown={[Function]}
        placeholder=""
        type="tel"
        value=""
      />
      <input
        aria-label="Please enter your pin code"
        autoComplete="off"
        className="chakra-pin-input css-17u1q9k"
        id="pin-input-3--1"
        inputMode="numeric"
        onBlur={[Function]}
        onChange={[Function]}
        onFocus={[Function]}
        onKeyDown={[Function]}
        placeholder=""
        type="tel"
        value=""
      />
    </div>
    <div
      className="chakra-stack css-84zodg"
    >
      <input
        aria-label="Please enter your pin code"
        autoComplete="off"
        className="chakra-pin-input css-17dn0h8"
        id="pin-input-4--1"
        inputMode="numeric"
        onBlur={[Function]}
        onChange={[Function]}
        onFocus={[Function]}
        onKeyDown={[Function]}
        placeholder=""
        type="tel"
        value=""
      />
      <input
        aria-label="Please enter your pin code"
        autoComplete="off"
        className="chakra-pin-input css-17dn0h8"
        id="pin-input-4--1"
        inputMode="numeric"
        onBlur={[Function]}
        onChange={[Function]}
        onFocus={[Function]}
        onKeyDown={[Function]}
        placeholder=""
        type="tel"
        value=""
      />
      <input
        aria-label="Please enter your pin code"
        autoComplete="off"
        className="chakra-pin-input css-17dn0h8"
        id="pin-input-4--1"
        inputMode="numeric"
        onBlur={[Function]}
        onChange={[Function]}
        onFocus={[Function]}
        onKeyDown={[Function]}
        placeholder=""
        type="tel"
        value=""
      />
    </div>
  </div>,
  <span />,
]
`;
