// Jest Snapshot v1, https://goo.gl/fbAQLP

exports[`test StackTryout tryout helloworld 1`] = `
<div>
  StackTryout
  <div>
    <div
      className="chakra-stack css-1y5q8ss"
    >
      <div
        className="css-1fi7ndm"
      >
        1
      </div>
      <div
        className="css-heh9fa"
      >
        2
      </div>
      <div
        className="css-13xgoat"
      >
        3
      </div>
    </div>
  </div>
  <div>
    <div
      className="chakra-stack css-gw7h1"
    >
      <div
        className="css-1fi7ndm"
      >
        1
      </div>
      <div
        className="css-heh9fa"
      >
        2
      </div>
      <div
        className="css-13xgoat"
      >
        3
      </div>
    </div>
  </div>
  <div>
    <div
      className="chakra-stack css-zsoya5"
    >
      <div
        className="css-it9pqr"
      >
        1
      </div>
      <div
        className="chakra-stack__divider css-jutndq"
      />
      <div
        className="css-pfat6z"
      >
        2
      </div>
      <div
        className="chakra-stack__divider css-jutndq"
      />
      <div
        className="css-1v1y8x1"
      >
        3
      </div>
    </div>
  </div>
  <div>
    <div
      className="chakra-stack css-1clhiew"
    >
      <div
        className="css-1hmx26h"
      >
        <h2
          className="chakra-heading css-6dvxm2"
        >
          Plan Money
        </h2>
        <p
          className="chakra-text css-1fhgjcy"
        >
          The future can be even brighter but a goal without a plan is just a wish
        </p>
      </div>
      <div
        className="css-1hmx26h"
      >
        <h2
          className="chakra-heading css-6dvxm2"
        >
          Save Money
        </h2>
        <p
          className="chakra-text css-1fhgjcy"
        >
          You deserve good things. With a whooping 10-15% interest rate per annum, grow your savings on your own terms with our completely automated process
        </p>
      </div>
    </div>
  </div>
  <div>
     
  </div>
  <div>
     
  </div>
  <div>
     
  </div>
  <div>
     
  </div>
  <div>
     
  </div>
  <div>
     
  </div>
</div>
`;
