// Jest Snapshot v1, https://goo.gl/fbAQLP

exports[`<SimpleFade> helloworld <SimpleFade /> mount helloworld should work 1`] = `[Function]`;

exports[`<SimpleFade> helloworld <SimpleFade /> render helloworld should work 1`] = `[Function]`;

exports[`<SimpleFade> helloworld <SimpleFade /> shallow helloworld should work 1`] = `[Function]`;
