// Jest Snapshot v1, https://goo.gl/fbAQLP

exports[`<CustomSeparator> helloworld <CustomSeparator /> mount helloworld should work 1`] = `[Function]`;

exports[`<CustomSeparator> helloworld <CustomSeparator /> render helloworld should work 1`] = `[Function]`;

exports[`<CustomSeparator> helloworld <CustomSeparator /> shallow helloworld should work 1`] = `[Function]`;
