// Jest Snapshot v1, https://goo.gl/fbAQLP

exports[`renders learn react link 1`] = `"<ul role=\\"tree\\" class=\\"\\"><li role=\\"treeitem\\" data-nodeid=\\"1\\" tabindex=\\"0\\" aria-expanded=\\"true\\" class=\\"\\"><div class=\\"\\"><div class=\\"\\"><svg data-baseweb=\\"icon\\" title=\\"Down\\" viewBox=\\"0 0 24 24\\" class=\\"\\"><title>Down</title><path transform=\\"rotate(270, 12, 12)\\" fill-rule=\\"evenodd\\" clip-rule=\\"evenodd\\" d=\\"M9 12C9 12.2652 9.10536 12.5196 9.29289 12.7071L13.2929 16.7071C13.6834 17.0976 14.3166 17.0976 14.7071 16.7071C15.0976 16.3166 15.0976 15.6834 14.7071 15.2929L11.4142 12L14.7071 8.70711C15.0976 8.31658 15.0976 7.68342 14.7071 7.29289C14.3166 6.90237 13.6834 6.90237 13.2929 7.29289L9.29289 11.2929C9.10536 11.4804 9 11.7348 9 12Z\\"></path></svg></div>The Two Gentlemen of Verona</div><ul role=\\"group\\" class=\\"\\"><li role=\\"treeitem\\" data-nodeid=\\"11\\" tabindex=\\"-1\\" aria-expanded=\\"false\\" class=\\"\\"><div class=\\"\\"><div class=\\"\\"><svg data-baseweb=\\"icon\\" title=\\"Blank\\" viewBox=\\"0 0 24 24\\" class=\\"\\"><title>Blank</title></svg></div>Duke of Milan</div></li><li role=\\"treeitem\\" data-nodeid=\\"12\\" tabindex=\\"-1\\" aria-expanded=\\"true\\" class=\\"\\"><div class=\\"\\"><div class=\\"\\"><svg data-baseweb=\\"icon\\" title=\\"Down\\" viewBox=\\"0 0 24 24\\" class=\\"\\"><title>Down</title><path transform=\\"rotate(270, 12, 12)\\" fill-rule=\\"evenodd\\" clip-rule=\\"evenodd\\" d=\\"M9 12C9 12.2652 9.10536 12.5196 9.29289 12.7071L13.2929 16.7071C13.6834 17.0976 14.3166 17.0976 14.7071 16.7071C15.0976 16.3166 15.0976 15.6834 14.7071 15.2929L11.4142 12L14.7071 8.70711C15.0976 8.31658 15.0976 7.68342 14.7071 7.29289C14.3166 6.90237 13.6834 6.90237 13.2929 7.29289L9.29289 11.2929C9.10536 11.4804 9 11.7348 9 12Z\\"></path></svg></div>Two Gentleman</div><ul role=\\"group\\" class=\\"\\"><li role=\\"treeitem\\" data-nodeid=\\"121\\" tabindex=\\"-1\\" aria-expanded=\\"false\\" class=\\"\\"><div class=\\"\\"><div class=\\"\\"><svg data-baseweb=\\"icon\\" title=\\"Blank\\" viewBox=\\"0 0 24 24\\" class=\\"\\"><title>Blank</title></svg></div>Valentine</div></li><li role=\\"treeitem\\" data-nodeid=\\"122\\" tabindex=\\"-1\\" aria-expanded=\\"false\\" class=\\"\\"><div class=\\"\\"><div class=\\"\\"><svg data-baseweb=\\"icon\\" title=\\"Blank\\" viewBox=\\"0 0 24 24\\" class=\\"\\"><title>Blank</title></svg></div>Proteus</div></li></ul></li><li role=\\"treeitem\\" data-nodeid=\\"13\\" tabindex=\\"-1\\" aria-expanded=\\"false\\" class=\\"\\"><div class=\\"\\"><div class=\\"\\"><svg data-baseweb=\\"icon\\" title=\\"Blank\\" viewBox=\\"0 0 24 24\\" class=\\"\\"><title>Blank</title></svg></div>Silvia</div></li><li role=\\"treeitem\\" data-nodeid=\\"14\\" tabindex=\\"-1\\" aria-expanded=\\"false\\" class=\\"\\"><div class=\\"\\"><div class=\\"\\"><svg data-baseweb=\\"icon\\" title=\\"Blank\\" viewBox=\\"0 0 24 24\\" class=\\"\\"><title>Blank</title></svg></div>Julia</div></li></ul></li><li role=\\"treeitem\\" data-nodeid=\\"2\\" tabindex=\\"-1\\" aria-expanded=\\"false\\" class=\\"\\"><div class=\\"\\"><div class=\\"\\"><svg data-baseweb=\\"icon\\" title=\\"Right\\" viewBox=\\"0 0 24 24\\" class=\\"\\"><title>Right</title><path fill-rule=\\"evenodd\\" clip-rule=\\"evenodd\\" d=\\"M9.29289 7.29289C8.90237 7.68342 8.90237 8.31658 9.29289 8.70711L12.5858 12L9.29289 15.2929C8.90237 15.6834 8.90237 16.3166 9.29289 16.7071C9.68342 17.0976 10.3166 17.0976 10.7071 16.7071L14.7071 12.7071C14.8946 12.5196 15 12.2652 15 12C15 11.7348 14.8946 11.4804 14.7071 11.2929L10.7071 7.29289C10.3166 6.90237 9.68342 6.90237 9.29289 7.29289Z\\"></path></svg></div>The Tempest</div></li></ul>"`;
