// Jest Snapshot v1, https://goo.gl/fbAQLP

exports[`test SimpleGridTryout tryout helloworld 1`] = `
<div>
  SimpleGridTryout
  <div>
    <div
      className="css-1ky8x8j"
    >
      <div
        className="css-9rloc5"
      />
      <div
        className="css-9rloc5"
      />
      <div
        className="css-9rloc5"
      />
      <div
        className="css-9rloc5"
      />
      <div
        className="css-9rloc5"
      />
    </div>
  </div>
  <div>
    <div
      className="css-1238olr"
    >
      <div
        className="css-9rloc5"
      />
      <div
        className="css-9rloc5"
      />
      <div
        className="css-9rloc5"
      />
      <div
        className="css-9rloc5"
      />
      <div
        className="css-9rloc5"
      />
    </div>
  </div>
  <div>
    <div
      className="css-wb6fz"
    >
      <div
        className="css-9rloc5"
      />
      <div
        className="css-9rloc5"
      />
      <div
        className="css-9rloc5"
      />
      <div
        className="css-9rloc5"
      />
      <div
        className="css-9rloc5"
      />
      <div
        className="css-9rloc5"
      />
    </div>
  </div>
  <div>
    <div
      className="css-luuvyl"
    >
      <div
        className="css-9rloc5"
      />
      <div
        className="css-9rloc5"
      />
      <div
        className="css-9rloc5"
      />
      <div
        className="css-9rloc5"
      />
      <div
        className="css-9rloc5"
      />
    </div>
  </div>
  <div>
     
  </div>
  <div>
     
  </div>
  <div>
     
  </div>
  <div>
     
  </div>
  <div>
     
  </div>
  <div>
     
  </div>
</div>
`;
