// Jest Snapshot v1, https://goo.gl/fbAQLP

exports[`test HeadingTryout tryout helloworld 1`] = `
<div>
  HeadingTryout
  <div>
    <h2
      className="chakra-heading css-0"
    >
      I'm a Heading
    </h2>
  </div>
  <div>
    <div
      className="chakra-stack css-16voevi"
    >
      <h1
        className="chakra-heading css-8uhtka"
      >
        (4xl) In love with React & Next
      </h1>
      <h2
        className="chakra-heading css-8uhtka"
      >
        (3xl) In love with React & Next
      </h2>
      <h2
        className="chakra-heading css-0"
      >
        (2xl) In love with React & Next
      </h2>
      <h2
        className="chakra-heading css-0"
      >
        (xl) In love with React & Next
      </h2>
      <h3
        className="chakra-heading css-0"
      >
        (lg) In love with React & Next
      </h3>
      <h4
        className="chakra-heading css-0"
      >
        (md) In love with React & Next
      </h4>
      <h5
        className="chakra-heading css-0"
      >
        (sm) In love with React & Next
      </h5>
      <h6
        className="chakra-heading css-0"
      >
        (xs) In love with React & Next
      </h6>
    </div>
  </div>
  <div>
    <h2
      className="chakra-heading css-8uhtka"
    >
      Basic text writing, including headings, body text, lists, and more.
    </h2>
  </div>
  <div>
    <h2
      className="chakra-heading css-1ud2ify"
    >
      I'm overriding this heading
    </h2>
  </div>
  <div>
    <div
      className="css-19t51sz"
    >
      <h2
        className="chakra-heading css-1itv5e3"
      >
        Modern online and offline payments for Africa
      </h2>
      <p
        className="chakra-text css-6dvxm2"
      >
        Paystack helps businesses in Africa get paid by anyone, anywhere in the world
      </p>
      <button
        className="chakra-button css-qh0qbs"
        type="button"
      >
        Create a free account
      </button>
    </div>
  </div>
  <div>
     
  </div>
  <div>
     
  </div>
  <div>
     
  </div>
  <div>
     
  </div>
  <div>
     
  </div>
</div>
`;
