// Jest Snapshot v1, https://goo.gl/fbAQLP

exports[`<OppositeContentTimeline> helloworld <OppositeContentTimeline /> mount helloworld should work 1`] = `[Function]`;

exports[`<OppositeContentTimeline> helloworld <OppositeContentTimeline /> render helloworld should work 1`] = `[Function]`;

exports[`<OppositeContentTimeline> helloworld <OppositeContentTimeline /> shallow helloworld should work 1`] = `[Function]`;
