// Jest Snapshot v1, https://goo.gl/fbAQLP

exports[`<MaterialUIPickers> helloworld <MaterialUIPickers /> shallow helloworld should work 1`] = `[Function]`;
