// Jest Snapshot v1, https://goo.gl/fbAQLP

exports[`<ButtonLink> helloworld <ButtonLink /> mount helloworld should work 1`] = `[Function]`;

exports[`<ButtonLink> helloworld <ButtonLink /> render helloworld should work 1`] = `[Function]`;

exports[`<ButtonLink> helloworld <ButtonLink /> shallow helloworld should work 1`] = `[Function]`;
