// Jest Snapshot v1, https://goo.gl/fbAQLP

exports[`<DirectionSnackbar> helloworld <DirectionSnackbar /> mount helloworld should work 1`] = `[Function]`;

exports[`<DirectionSnackbar> helloworld <DirectionSnackbar /> render helloworld should work 1`] = `[Function]`;

exports[`<DirectionSnackbar> helloworld <DirectionSnackbar /> shallow helloworld should work 1`] = `[Function]`;
