// Jest Snapshot v1, https://goo.gl/fbAQLP

exports[`test ContainerTryout tryout helloworld 1`] = `
<div>
  ContainerTryout
  <div>
    <div
      className="chakra-container css-0"
    >
      There are many benefits to a joint design and development system. Not only does it bring benefits to the design team, but it also brings benefits to engineering teams. It makes sure that our experiences have a consistent look and feel, not just in our design specs, but in production
    </div>
  </div>
  <div>
    <div
      className="chakra-stack css-owjkmg"
    >
      <div
        className="chakra-container css-tflc3m"
      >
        Extra-Large Container
      </div>
      <div
        className="chakra-container css-f91va8"
      >
        Large Container
      </div>
      <div
        className="chakra-container css-gygvqc"
      >
        Medium Container
      </div>
      <div
        className="chakra-container css-15pnpc5"
      >
        Small Container
      </div>
    </div>
  </div>
  <div>
    <div
      className="chakra-container css-wa8fat"
    >
      <div
        className="css-rsv04h"
      >
        There are many benefits to a joint design and development system. Not only does it bring benefits to the design team.
      </div>
    </div>
  </div>
  <div>
     
  </div>
  <div>
     
  </div>
  <div>
     
  </div>
  <div>
     
  </div>
  <div>
     
  </div>
  <div>
     
  </div>
  <div>
     
  </div>
</div>
`;
