// Jest Snapshot v1, https://goo.gl/fbAQLP

exports[`<CustomizedInputs> helloworld <CustomizedInputs /> mount helloworld should work 1`] = `[Function]`;

exports[`<CustomizedInputs> helloworld <CustomizedInputs /> render helloworld should work 1`] = `[Function]`;

exports[`<CustomizedInputs> helloworld <CustomizedInputs /> shallow helloworld should work 1`] = `[Function]`;
